npm notice run eaia-equipment-library@0.1.0 dev
npm notice run vite --host 127.0.0.1
[2m17:09:12[22m [31m[1m[vite][22m[39m [31mhttp proxy error: /api/heroes[39m
Error: connect ECONNREFUSED 127.0.0.1:8000
    at TCPConnectWrap.afterConnect [as oncomplete] (node:net:1705:16)
[2m17:09:12[22m [31m[1m[vite][22m[39m [31mhttp proxy error: /api/manage/equipment[39m
Error: connect ECONNREFUSED 127.0.0.1:8000
    at TCPConnectWrap.afterConnect [as oncomplete] (node:net:1705:16)
[2m17:09:12[22m [31m[1m[vite][22m[39m [31mhttp proxy error: /api/hero-cores/SUN_WUKONG[39m
Error: connect ECONNREFUSED 127.0.0.1:8000
    at TCPConnectWrap.afterConnect [as oncomplete] (node:net:1705:16)
[2m14:05:02[22m [31m[1m[vite][22m[39m [31mInternal server error: Element is missing end tag.[39m
  Plugin: [35mvite:vue[39m
  File: [36mE:/code/EAIA/frontend/src/UnifiedWorkspace.vue[39m:233:74
[33m  231 |  <section v-if="view==='dictionary'" class="page-grid data-grid"><aside class="side-panel"><div v-for="g in groups" :k...
  232 |  
  233 |  ...e-if="view==='equipment'" class="content-panel full-panel"><div class="panel-heading"><div><p>INVENTORY</p><h2>{{t...
      |                                                                 ^
  234 |  
  235 |  <section v-else-if="view==='heroes'" class="hero-workspace"><div class="hero-toolbar"><label>⌕<input v-model="heroSea...[39m
      at createCompilerError (E:\code\EAIA\frontend\node_modules\@vue\compiler-core\dist\compiler-core.cjs.js:1378:17)
      at emitError (E:\code\EAIA\frontend\node_modules\@vue\compiler-core\dist\compiler-core.cjs.js:3035:5)
      at Object.onclosetag (E:\code\EAIA\frontend\node_modules\@vue\compiler-core\dist\compiler-core.cjs.js:2402:13)
      at Tokenizer.stateInClosingTagName (E:\code\EAIA\frontend\node_modules\@vue\compiler-core\dist\compiler-core.cjs.js:799:16)
      at Tokenizer.parse (E:\code\EAIA\frontend\node_modules\@vue\compiler-core\dist\compiler-core.cjs.js:1157:16)
      at Object.baseParse (E:\code\EAIA\frontend\node_modules\@vue\compiler-core\dist\compiler-core.cjs.js:3074:13)
      at Object.parse (E:\code\EAIA\frontend\node_modules\@vue\compiler-dom\dist\compiler-dom.cjs.js:913:23)
      at Object.parse$1 [as parse] (E:\code\EAIA\frontend\node_modules\@vue\compiler-sfc\dist\compiler-sfc.cjs.js:1849:24)
      at createDescriptor (file:///E:/code/EAIA/frontend/node_modules/@vitejs/plugin-vue/dist/index.mjs:50:42)
      at handleHotUpdate (file:///E:/code/EAIA/frontend/node_modules/@vitejs/plugin-vue/dist/index.mjs:1197:25)
[2m14:07:06[22m [31m[1m[vite][22m[39m [31mInternal server error: Element is missing end tag.[39m
  Plugin: [35mvite:vue[39m
  File: [36mE:/code/EAIA/frontend/src/UnifiedWorkspace.vue[39m:231:1
[33m  229 |  <div v-if="message" class="notice success">{{message}}</div><div v-if="error" class="notice error">{{error}}</div>
  230 |  
  231 |  <section v-if="view==='dictionary'" class="page-grid data-grid"><aside class="side-panel"><div v-for="g in groups" :k...
      |   ^
  232 |  
  233 |  <section v-else-if="view==='equipment'" class="content-panel full-panel"><div class="panel-heading"><div><p>INVENTORY...[39m
      at createCompilerError (E:\code\EAIA\frontend\node_modules\@vue\compiler-core\dist\compiler-core.cjs.js:1378:17)
      at emitError (E:\code\EAIA\frontend\node_modules\@vue\compiler-core\dist\compiler-core.cjs.js:3035:5)
      at Object.onclosetag (E:\code\EAIA\frontend\node_modules\@vue\compiler-core\dist\compiler-core.cjs.js:2402:13)
      at Tokenizer.stateInClosingTagName (E:\code\EAIA\frontend\node_modules\@vue\compiler-core\dist\compiler-core.cjs.js:799:16)
      at Tokenizer.parse (E:\code\EAIA\frontend\node_modules\@vue\compiler-core\dist\compiler-core.cjs.js:1157:16)
      at Object.baseParse (E:\code\EAIA\frontend\node_modules\@vue\compiler-core\dist\compiler-core.cjs.js:3074:13)
      at Object.parse (E:\code\EAIA\frontend\node_modules\@vue\compiler-dom\dist\compiler-dom.cjs.js:913:23)
      at Object.parse$1 [as parse] (E:\code\EAIA\frontend\node_modules\@vue\compiler-sfc\dist\compiler-sfc.cjs.js:1849:24)
      at createDescriptor (file:///E:/code/EAIA/frontend/node_modules/@vitejs/plugin-vue/dist/index.mjs:50:42)
      at handleHotUpdate (file:///E:/code/EAIA/frontend/node_modules/@vitejs/plugin-vue/dist/index.mjs:1197:25)
[2m14:09:09[22m [31m[1m[vite][22m[39m [31m[2m(client)[22m[39m Pre-transform error: Element is missing end tag.
  Plugin: [35mvite:vue[39m
  File: [36mE:/code/EAIA/frontend/src/UnifiedWorkspace.vue[39m:231:1
[33m  229 |  <div v-if="message" class="notice success">{{message}}</div><div v-if="error" class="notice error">{{error}}</div>
  230 |  
  231 |  <section v-if="view==='dictionary'" class="page-grid data-grid"><aside class="side-panel"><div v-for="g in groups" :k...
      |   ^
  232 |  
  233 |  <section v-else-if="view==='equipment'" class="content-panel full-panel"><div class="panel-heading"><div><p>INVENTORY...[39m
[2m14:09:10[22m [31m[1m[vite][22m[39m [31mInternal server error: Element is missing end tag.[39m
  Plugin: [35mvite:vue[39m
  File: [36mE:/code/EAIA/frontend/src/UnifiedWorkspace.vue[39m:231:1
[33m  229 |  <div v-if="message" class="notice success">{{message}}</div><div v-if="error" class="notice error">{{error}}</div>
  230 |  
  231 |  <section v-if="view==='dictionary'" class="page-grid data-grid"><aside class="side-panel"><div v-for="g in groups" :k...
      |   ^
  232 |  
  233 |  <section v-else-if="view==='equipment'" class="content-panel full-panel"><div class="panel-heading"><div><p>INVENTORY...[39m
      at createCompilerError (E:\code\EAIA\frontend\node_modules\@vue\compiler-core\dist\compiler-core.cjs.js:1378:17)
      at emitError (E:\code\EAIA\frontend\node_modules\@vue\compiler-core\dist\compiler-core.cjs.js:3035:5)
      at Object.onclosetag (E:\code\EAIA\frontend\node_modules\@vue\compiler-core\dist\compiler-core.cjs.js:2402:13)
      at Tokenizer.stateInClosingTagName (E:\code\EAIA\frontend\node_modules\@vue\compiler-core\dist\compiler-core.cjs.js:799:16)
      at Tokenizer.parse (E:\code\EAIA\frontend\node_modules\@vue\compiler-core\dist\compiler-core.cjs.js:1157:16)
      at Object.baseParse (E:\code\EAIA\frontend\node_modules\@vue\compiler-core\dist\compiler-core.cjs.js:3074:13)
      at Object.parse (E:\code\EAIA\frontend\node_modules\@vue\compiler-dom\dist\compiler-dom.cjs.js:913:23)
      at Object.parse$1 [as parse] (E:\code\EAIA\frontend\node_modules\@vue\compiler-sfc\dist\compiler-sfc.cjs.js:1849:24)
      at createDescriptor (file:///E:/code/EAIA/frontend/node_modules/@vitejs/plugin-vue/dist/index.mjs:50:42)
      at handleHotUpdate (file:///E:/code/EAIA/frontend/node_modules/@vitejs/plugin-vue/dist/index.mjs:1197:25)
[2m14:09:11[22m [31m[1m[vite][22m[39m [31mInternal server error: Element is missing end tag.[39m
  Plugin: [35mvite:vue[39m
  File: [36mE:/code/EAIA/frontend/src/UnifiedWorkspace.vue[39m:231:1
[33m  229 |  <div v-if="message" class="notice success">{{message}}</div><div v-if="error" class="notice error">{{error}}</div>
  230 |  
  231 |  <section v-if="view==='dictionary'" class="page-grid data-grid"><aside class="side-panel"><div v-for="g in groups" :k...
      |   ^
  232 |  
  233 |  <section v-else-if="view==='equipment'" class="content-panel full-panel"><div class="panel-heading"><div><p>INVENTORY...[39m
      at createCompilerError (E:\code\EAIA\frontend\node_modules\@vue\compiler-core\dist\compiler-core.cjs.js:1378:17)
      at emitError (E:\code\EAIA\frontend\node_modules\@vue\compiler-core\dist\compiler-core.cjs.js:3035:5)
      at Object.onclosetag (E:\code\EAIA\frontend\node_modules\@vue\compiler-core\dist\compiler-core.cjs.js:2402:13)
      at Tokenizer.stateInClosingTagName (E:\code\EAIA\frontend\node_modules\@vue\compiler-core\dist\compiler-core.cjs.js:799:16)
      at Tokenizer.parse (E:\code\EAIA\frontend\node_modules\@vue\compiler-core\dist\compiler-core.cjs.js:1157:16)
      at Object.baseParse (E:\code\EAIA\frontend\node_modules\@vue\compiler-core\dist\compiler-core.cjs.js:3074:13)
      at Object.parse (E:\code\EAIA\frontend\node_modules\@vue\compiler-dom\dist\compiler-dom.cjs.js:913:23)
      at Object.parse$1 [as parse] (E:\code\EAIA\frontend\node_modules\@vue\compiler-sfc\dist\compiler-sfc.cjs.js:1849:24)
      at createDescriptor (file:///E:/code/EAIA/frontend/node_modules/@vitejs/plugin-vue/dist/index.mjs:50:42)
      at handleHotUpdate (file:///E:/code/EAIA/frontend/node_modules/@vitejs/plugin-vue/dist/index.mjs:1197:25)
[2m14:09:14[22m [31m[1m[vite][22m[39m [31mInternal server error: Element is missing end tag.[39m
  Plugin: [35mvite:vue[39m
  File: [36mE:/code/EAIA/frontend/src/UnifiedWorkspace.vue[39m:231:1
[33m  229 |  <div v-if="message" class="notice success">{{message}}</div><div v-if="error" class="notice error">{{error}}</div>
  230 |  
  231 |  <section v-if="view==='dictionary'" class="page-grid data-grid"><aside class="side-panel"><div v-for="g in groups" :k...
      |   ^
  232 |  
  233 |  <section v-else-if="view==='equipment'" class="content-panel full-panel"><div class="panel-heading"><div><p>INVENTORY...[39m
      at createCompilerError (E:\code\EAIA\frontend\node_modules\@vue\compiler-core\dist\compiler-core.cjs.js:1378:17)
      at emitError (E:\code\EAIA\frontend\node_modules\@vue\compiler-core\dist\compiler-core.cjs.js:3035:5)
      at Object.onclosetag (E:\code\EAIA\frontend\node_modules\@vue\compiler-core\dist\compiler-core.cjs.js:2402:13)
      at Tokenizer.stateInClosingTagName (E:\code\EAIA\frontend\node_modules\@vue\compiler-core\dist\compiler-core.cjs.js:799:16)
      at Tokenizer.parse (E:\code\EAIA\frontend\node_modules\@vue\compiler-core\dist\compiler-core.cjs.js:1157:16)
      at Object.baseParse (E:\code\EAIA\frontend\node_modules\@vue\compiler-core\dist\compiler-core.cjs.js:3074:13)
      at Object.parse (E:\code\EAIA\frontend\node_modules\@vue\compiler-dom\dist\compiler-dom.cjs.js:913:23)
      at Object.parse$1 [as parse] (E:\code\EAIA\frontend\node_modules\@vue\compiler-sfc\dist\compiler-sfc.cjs.js:1849:24)
      at createDescriptor (file:///E:/code/EAIA/frontend/node_modules/@vitejs/plugin-vue/dist/index.mjs:50:42)
      at handleHotUpdate (file:///E:/code/EAIA/frontend/node_modules/@vitejs/plugin-vue/dist/index.mjs:1197:25)
